new testnew test
new test
new test
